#0 building with "desktop-linux" instance using docker driver

#1 [internal] load build definition from Dockerfile.detect-plants
#1 transferring dockerfile: 1.18kB 0.0s done
#1 DONE 0.0s

#2 [internal] load metadata for public.ecr.aws/lambda/python:3.9
#2 DONE 2.4s

#3 [1/7] FROM public.ecr.aws/lambda/python:3.9@sha256:fd4edfa0bd9afd5db77d67b35905a25b462f644c875c8317a94e712a7127fd56
#3 resolve public.ecr.aws/lambda/python:3.9@sha256:fd4edfa0bd9afd5db77d67b35905a25b462f644c875c8317a94e712a7127fd56 0.0s done
#3 CACHED

#4 [2/7] RUN yum install -y     glib2     libgomp     mesa-libGL     && yum clean all
#4 0.597 Loaded plugins: ovl
#4 20.17 Resolving Dependencies
#4 20.17 --> Running transaction check
#4 20.17 ---> Package glib2.x86_64 0:2.56.1-9.amzn2.0.11 will be updated
#4 20.17 ---> Package glib2.x86_64 0:2.56.1-9.amzn2.0.12 will be an update
#4 20.18 ---> Package libgomp.x86_64 0:7.3.1-17.amzn2 will be installed
#4 20.18 ---> Package mesa-libGL.x86_64 0:18.3.4-5.amzn2.0.1 will be installed
#4 20.18 --> Processing Dependency: mesa-libglapi = 18.3.4-5.amzn2.0.1 for package: mesa-libGL-18.3.4-5.amzn2.0.1.x86_64
#4 20.18 --> Processing Dependency: libdrm >= 2.4.83 for package: mesa-libGL-18.3.4-5.amzn2.0.1.x86_64
#4 20.18 --> Processing Dependency: libglvnd-glx(x86-64) >= 1:1.0.1-0.1 for package: mesa-libGL-18.3.4-5.amzn2.0.1.x86_64
#4 20.19 --> Processing Dependency: libX11-xcb.so.1()(64bit) for package: mesa-libGL-18.3.4-5.amzn2.0.1.x86_64
#4 20.19 --> Processing Dependency: libX11.so.6()(64bit) for package: mesa-libGL-18.3.4-5.amzn2.0.1.x86_64
#4 20.19 --> Processing Dependency: libXdamage.so.1()(64bit) for package: mesa-libGL-18.3.4-5.amzn2.0.1.x86_64
#4 20.19 --> Processing Dependency: libXext.so.6()(64bit) for package: mesa-libGL-18.3.4-5.amzn2.0.1.x86_64
#4 20.19 --> Processing Dependency: libXfixes.so.3()(64bit) for package: mesa-libGL-18.3.4-5.amzn2.0.1.x86_64
#4 20.19 --> Processing Dependency: libXxf86vm.so.1()(64bit) for package: mesa-libGL-18.3.4-5.amzn2.0.1.x86_64
#4 20.19 --> Processing Dependency: libdrm.so.2()(64bit) for package: mesa-libGL-18.3.4-5.amzn2.0.1.x86_64
#4 20.19 --> Processing Dependency: libglapi.so.0()(64bit) for package: mesa-libGL-18.3.4-5.amzn2.0.1.x86_64
#4 20.19 --> Processing Dependency: libxcb-dri2.so.0()(64bit) for package: mesa-libGL-18.3.4-5.amzn2.0.1.x86_64
#4 20.20 --> Processing Dependency: libxcb-dri3.so.0()(64bit) for package: mesa-libGL-18.3.4-5.amzn2.0.1.x86_64
#4 20.20 --> Processing Dependency: libxcb-glx.so.0()(64bit) for package: mesa-libGL-18.3.4-5.amzn2.0.1.x86_64
#4 20.20 --> Processing Dependency: libxcb-present.so.0()(64bit) for package: mesa-libGL-18.3.4-5.amzn2.0.1.x86_64
#4 20.20 --> Processing Dependency: libxcb-sync.so.1()(64bit) for package: mesa-libGL-18.3.4-5.amzn2.0.1.x86_64
#4 20.20 --> Processing Dependency: libxcb-xfixes.so.0()(64bit) for package: mesa-libGL-18.3.4-5.amzn2.0.1.x86_64
#4 20.20 --> Processing Dependency: libxcb.so.1()(64bit) for package: mesa-libGL-18.3.4-5.amzn2.0.1.x86_64
#4 20.20 --> Processing Dependency: libxshmfence.so.1()(64bit) for package: mesa-libGL-18.3.4-5.amzn2.0.1.x86_64
#4 20.20 --> Running transaction check
#4 20.20 ---> Package libX11.x86_64 0:1.6.7-3.amzn2.0.5 will be installed
#4 20.20 --> Processing Dependency: libX11-common >= 1.6.7-3.amzn2.0.5 for package: libX11-1.6.7-3.amzn2.0.5.x86_64
#4 20.20 ---> Package libXdamage.x86_64 0:1.1.4-4.1.amzn2.0.2 will be installed
#4 20.20 ---> Package libXext.x86_64 0:1.3.3-3.amzn2.0.2 will be installed
#4 20.20 ---> Package libXfixes.x86_64 0:5.0.3-1.amzn2.0.2 will be installed
#4 20.20 ---> Package libXxf86vm.x86_64 0:1.1.4-1.amzn2.0.2 will be installed
#4 20.20 ---> Package libdrm.x86_64 0:2.4.97-2.amzn2 will be installed
#4 20.20 --> Processing Dependency: udev for package: libdrm-2.4.97-2.amzn2.x86_64
#4 20.21 --> Processing Dependency: libpciaccess.so.0()(64bit) for package: libdrm-2.4.97-2.amzn2.x86_64
#4 20.21 ---> Package libglvnd-glx.x86_64 1:1.0.1-1.amzn2.0.2 will be installed
#4 20.21 --> Processing Dependency: libglvnd(x86-64) = 1:1.0.1-1.amzn2.0.2 for package: 1:libglvnd-glx-1.0.1-1.amzn2.0.2.x86_64
#4 20.21 --> Processing Dependency: libGLdispatch.so.0()(64bit) for package: 1:libglvnd-glx-1.0.1-1.amzn2.0.2.x86_64
#4 20.21 ---> Package libxcb.x86_64 0:1.12-1.amzn2.0.2 will be installed
#4 20.21 --> Processing Dependency: libXau.so.6()(64bit) for package: libxcb-1.12-1.amzn2.0.2.x86_64
#4 20.21 ---> Package libxshmfence.x86_64 0:1.2-1.amzn2.0.2 will be installed
#4 20.21 ---> Package mesa-libglapi.x86_64 0:18.3.4-5.amzn2.0.1 will be installed
#4 20.21 --> Running transaction check
#4 20.21 ---> Package libX11-common.noarch 0:1.6.7-3.amzn2.0.5 will be installed
#4 20.21 ---> Package libXau.x86_64 0:1.0.8-2.1.amzn2.0.2 will be installed
#4 20.21 ---> Package libglvnd.x86_64 1:1.0.1-1.amzn2.0.2 will be installed
#4 20.21 ---> Package libpciaccess.x86_64 0:0.14-1.amzn2 will be installed
#4 20.21 --> Processing Dependency: hwdata for package: libpciaccess-0.14-1.amzn2.x86_64
#4 20.21 ---> Package systemd.x86_64 0:219-78.amzn2.0.24 will be installed
#4 20.22 --> Processing Dependency: systemd-libs = 219-78.amzn2.0.24 for package: systemd-219-78.amzn2.0.24.x86_64
#4 20.23 --> Processing Dependency: kmod >= 18-4 for package: systemd-219-78.amzn2.0.24.x86_64
#4 20.23 --> Processing Dependency: /usr/sbin/groupadd for package: systemd-219-78.amzn2.0.24.x86_64
#4 20.23 --> Processing Dependency: acl for package: systemd-219-78.amzn2.0.24.x86_64
#4 20.23 --> Processing Dependency: dbus for package: systemd-219-78.amzn2.0.24.x86_64
#4 20.23 --> Processing Dependency: libcryptsetup.so.4(CRYPTSETUP_1.0)(64bit) for package: systemd-219-78.amzn2.0.24.x86_64
#4 20.24 --> Processing Dependency: libdw.so.1(ELFUTILS_0.122)(64bit) for package: systemd-219-78.amzn2.0.24.x86_64
#4 20.24 --> Processing Dependency: libdw.so.1(ELFUTILS_0.130)(64bit) for package: systemd-219-78.amzn2.0.24.x86_64
#4 20.24 --> Processing Dependency: libdw.so.1(ELFUTILS_0.158)(64bit) for package: systemd-219-78.amzn2.0.24.x86_64
#4 20.24 --> Processing Dependency: libkmod.so.2(LIBKMOD_5)(64bit) for package: systemd-219-78.amzn2.0.24.x86_64
#4 20.24 --> Processing Dependency: libpam.so.0(LIBPAM_1.0)(64bit) for package: systemd-219-78.amzn2.0.24.x86_64
#4 20.24 --> Processing Dependency: libaudit.so.1()(64bit) for package: systemd-219-78.amzn2.0.24.x86_64
#4 20.24 --> Processing Dependency: libcryptsetup.so.4()(64bit) for package: systemd-219-78.amzn2.0.24.x86_64
#4 20.24 --> Processing Dependency: libdw.so.1()(64bit) for package: systemd-219-78.amzn2.0.24.x86_64
#4 20.24 --> Processing Dependency: libkmod.so.2()(64bit) for package: systemd-219-78.amzn2.0.24.x86_64
#4 20.24 --> Processing Dependency: liblz4.so.1()(64bit) for package: systemd-219-78.amzn2.0.24.x86_64
#4 20.25 --> Processing Dependency: libpam.so.0()(64bit) for package: systemd-219-78.amzn2.0.24.x86_64
#4 20.25 --> Processing Dependency: libqrencode.so.3()(64bit) for package: systemd-219-78.amzn2.0.24.x86_64
#4 20.25 --> Running transaction check
#4 20.25 ---> Package acl.x86_64 0:2.2.51-14.amzn2 will be installed
#4 20.25 ---> Package audit-libs.x86_64 0:2.8.1-3.amzn2.1 will be installed
#4 20.25 --> Processing Dependency: libcap-ng.so.0()(64bit) for package: audit-libs-2.8.1-3.amzn2.1.x86_64
#4 20.25 ---> Package cryptsetup-libs.x86_64 0:1.7.4-4.amzn2 will be installed
#4 20.25 --> Processing Dependency: libdevmapper.so.1.02(Base)(64bit) for package: cryptsetup-libs-1.7.4-4.amzn2.x86_64
#4 20.25 --> Processing Dependency: libdevmapper.so.1.02(DM_1_02_97)(64bit) for package: cryptsetup-libs-1.7.4-4.amzn2.x86_64
#4 20.25 --> Processing Dependency: libdevmapper.so.1.02()(64bit) for package: cryptsetup-libs-1.7.4-4.amzn2.x86_64
#4 20.25 ---> Package dbus.x86_64 1:1.10.24-7.amzn2.0.4 will be installed
#4 20.25 --> Processing Dependency: dbus-libs(x86-64) = 1:1.10.24-7.amzn2.0.4 for package: 1:dbus-1.10.24-7.amzn2.0.4.x86_64
#4 20.26 --> Processing Dependency: libdbus-1.so.3(LIBDBUS_1_3)(64bit) for package: 1:dbus-1.10.24-7.amzn2.0.4.x86_64
#4 20.26 --> Processing Dependency: libdbus-1.so.3(LIBDBUS_PRIVATE_1.10.24)(64bit) for package: 1:dbus-1.10.24-7.amzn2.0.4.x86_64
#4 20.26 --> Processing Dependency: libdbus-1.so.3()(64bit) for package: 1:dbus-1.10.24-7.amzn2.0.4.x86_64
#4 20.26 ---> Package elfutils-libs.x86_64 0:0.176-2.amzn2.0.2 will be installed
#4 20.26 --> Processing Dependency: default-yama-scope for package: elfutils-libs-0.176-2.amzn2.0.2.x86_64
#4 20.26 ---> Package hwdata.x86_64 0:0.252-9.3.amzn2 will be installed
#4 20.26 ---> Package kmod.x86_64 0:25-3.amzn2.0.2 will be installed
#4 20.26 ---> Package kmod-libs.x86_64 0:25-3.amzn2.0.2 will be installed
#4 20.26 ---> Package lz4.x86_64 0:1.7.5-2.amzn2.0.2 will be installed
#4 20.26 ---> Package pam.x86_64 0:1.1.8-23.amzn2.0.5 will be installed
#4 20.26 --> Processing Dependency: cracklib-dicts >= 2.8 for package: pam-1.1.8-23.amzn2.0.5.x86_64
#4 20.26 --> Processing Dependency: libpwquality >= 0.9.9 for package: pam-1.1.8-23.amzn2.0.5.x86_64
#4 20.26 --> Processing Dependency: libcrack.so.2()(64bit) for package: pam-1.1.8-23.amzn2.0.5.x86_64
#4 20.26 ---> Package qrencode-libs.x86_64 0:3.4.1-3.amzn2.0.2 will be installed
#4 20.26 ---> Package shadow-utils.x86_64 2:4.1.5.1-24.amzn2.0.3 will be installed
#4 20.27 --> Processing Dependency: libsemanage.so.1(LIBSEMANAGE_1.0)(64bit) for package: 2:shadow-utils-4.1.5.1-24.amzn2.0.3.x86_64
#4 20.27 --> Processing Dependency: libsemanage.so.1()(64bit) for package: 2:shadow-utils-4.1.5.1-24.amzn2.0.3.x86_64
#4 20.27 ---> Package systemd-libs.x86_64 0:219-78.amzn2.0.24 will be installed
#4 20.27 --> Running transaction check
#4 20.27 ---> Package cracklib.x86_64 0:2.9.0-11.amzn2.0.2 will be installed
#4 20.27 --> Processing Dependency: gzip for package: cracklib-2.9.0-11.amzn2.0.2.x86_64
#4 20.27 ---> Package cracklib-dicts.x86_64 0:2.9.0-11.amzn2.0.2 will be installed
#4 20.27 ---> Package dbus-libs.x86_64 1:1.10.24-7.amzn2.0.4 will be installed
#4 20.27 ---> Package device-mapper-libs.x86_64 7:1.02.170-6.amzn2.5 will be installed
#4 20.27 --> Processing Dependency: device-mapper = 7:1.02.170-6.amzn2.5 for package: 7:device-mapper-libs-1.02.170-6.amzn2.5.x86_64
#4 20.27 ---> Package elfutils-default-yama-scope.noarch 0:0.176-2.amzn2.0.2 will be installed
#4 20.27 ---> Package libcap-ng.x86_64 0:0.7.5-4.amzn2.0.4 will be installed
#4 20.27 ---> Package libpwquality.x86_64 0:1.2.3-5.amzn2 will be installed
#4 20.27 ---> Package libsemanage.x86_64 0:2.5-11.amzn2 will be installed
#4 20.27 --> Processing Dependency: libustr-1.0.so.1(USTR_1.0)(64bit) for package: libsemanage-2.5-11.amzn2.x86_64
#4 20.27 --> Processing Dependency: libustr-1.0.so.1(USTR_1.0.1)(64bit) for package: libsemanage-2.5-11.amzn2.x86_64
#4 20.27 --> Processing Dependency: libustr-1.0.so.1()(64bit) for package: libsemanage-2.5-11.amzn2.x86_64
#4 20.28 --> Running transaction check
#4 20.28 ---> Package device-mapper.x86_64 7:1.02.170-6.amzn2.5 will be installed
#4 20.28 --> Processing Dependency: util-linux >= 2.23 for package: 7:device-mapper-1.02.170-6.amzn2.5.x86_64
#4 20.28 ---> Package gzip.x86_64 0:1.5-10.amzn2.0.1 will be installed
#4 20.28 ---> Package ustr.x86_64 0:1.0.4-16.amzn2.0.3 will be installed
#4 20.28 --> Running transaction check
#4 20.28 ---> Package util-linux.x86_64 0:2.30.2-2.amzn2.0.11 will be installed
#4 20.29 --> Processing Dependency: libfdisk = 2.30.2-2.amzn2.0.11 for package: util-linux-2.30.2-2.amzn2.0.11.x86_64
#4 20.29 --> Processing Dependency: libsmartcols = 2.30.2-2.amzn2.0.11 for package: util-linux-2.30.2-2.amzn2.0.11.x86_64
#4 20.29 --> Processing Dependency: libfdisk.so.1(FDISK_2.26)(64bit) for package: util-linux-2.30.2-2.amzn2.0.11.x86_64
#4 20.29 --> Processing Dependency: libfdisk.so.1(FDISK_2.27)(64bit) for package: util-linux-2.30.2-2.amzn2.0.11.x86_64
#4 20.29 --> Processing Dependency: libfdisk.so.1(FDISK_2.28)(64bit) for package: util-linux-2.30.2-2.amzn2.0.11.x86_64
#4 20.29 --> Processing Dependency: libfdisk.so.1(FDISK_2.29)(64bit) for package: util-linux-2.30.2-2.amzn2.0.11.x86_64
#4 20.29 --> Processing Dependency: libfdisk.so.1(FDISK_2.30)(64bit) for package: util-linux-2.30.2-2.amzn2.0.11.x86_64
#4 20.29 --> Processing Dependency: libsmartcols.so.1(SMARTCOLS_2.25)(64bit) for package: util-linux-2.30.2-2.amzn2.0.11.x86_64
#4 20.29 --> Processing Dependency: libsmartcols.so.1(SMARTCOLS_2.27)(64bit) for package: util-linux-2.30.2-2.amzn2.0.11.x86_64
#4 20.29 --> Processing Dependency: libsmartcols.so.1(SMARTCOLS_2.28)(64bit) for package: util-linux-2.30.2-2.amzn2.0.11.x86_64
#4 20.29 --> Processing Dependency: libsmartcols.so.1(SMARTCOLS_2.29)(64bit) for package: util-linux-2.30.2-2.amzn2.0.11.x86_64
#4 20.29 --> Processing Dependency: libsmartcols.so.1(SMARTCOLS_2.30)(64bit) for package: util-linux-2.30.2-2.amzn2.0.11.x86_64
#4 20.29 --> Processing Dependency: libutempter.so.0(UTEMPTER_1.1)(64bit) for package: util-linux-2.30.2-2.amzn2.0.11.x86_64
#4 20.30 --> Processing Dependency: libfdisk.so.1()(64bit) for package: util-linux-2.30.2-2.amzn2.0.11.x86_64
#4 20.30 --> Processing Dependency: libsmartcols.so.1()(64bit) for package: util-linux-2.30.2-2.amzn2.0.11.x86_64
#4 20.30 --> Processing Dependency: libutempter.so.0()(64bit) for package: util-linux-2.30.2-2.amzn2.0.11.x86_64
#4 20.30 --> Running transaction check
#4 20.30 ---> Package libfdisk.x86_64 0:2.30.2-2.amzn2.0.11 will be installed
#4 20.30 ---> Package libsmartcols.x86_64 0:2.30.2-2.amzn2.0.11 will be installed
#4 20.30 ---> Package libutempter.x86_64 0:1.1.6-4.amzn2.0.2 will be installed
#4 20.31 --> Finished Dependency Resolution
#4 20.32 
#4 20.32 Dependencies Resolved
#4 20.32 
#4 20.32 ================================================================================
#4 20.32  Package                      Arch    Version                 Repository   Size
#4 20.32 ================================================================================
#4 20.32 Installing:
#4 20.32  libgomp                      x86_64  7.3.1-17.amzn2          amzn2-core  205 k
#4 20.32  mesa-libGL                   x86_64  18.3.4-5.amzn2.0.1      amzn2-core  162 k
#4 20.32 Updating:
#4 20.32  glib2                        x86_64  2.56.1-9.amzn2.0.12     amzn2-core  2.4 M
#4 20.32 Installing for dependencies:
#4 20.32  acl                          x86_64  2.2.51-14.amzn2         amzn2-core   82 k
#4 20.32  audit-libs                   x86_64  2.8.1-3.amzn2.1         amzn2-core   99 k
#4 20.32  cracklib                     x86_64  2.9.0-11.amzn2.0.2      amzn2-core   80 k
#4 20.32  cracklib-dicts               x86_64  2.9.0-11.amzn2.0.2      amzn2-core  3.6 M
#4 20.32  cryptsetup-libs              x86_64  1.7.4-4.amzn2           amzn2-core  224 k
#4 20.32  dbus                         x86_64  1:1.10.24-7.amzn2.0.4   amzn2-core  246 k
#4 20.32  dbus-libs                    x86_64  1:1.10.24-7.amzn2.0.4   amzn2-core  167 k
#4 20.32  device-mapper                x86_64  7:1.02.170-6.amzn2.5    amzn2-core  297 k
#4 20.32  device-mapper-libs           x86_64  7:1.02.170-6.amzn2.5    amzn2-core  326 k
#4 20.32  elfutils-default-yama-scope  noarch  0.176-2.amzn2.0.2       amzn2-core   33 k
#4 20.32  elfutils-libs                x86_64  0.176-2.amzn2.0.2       amzn2-core  289 k
#4 20.32  gzip                         x86_64  1.5-10.amzn2.0.1        amzn2-core  129 k
#4 20.32  hwdata                       x86_64  0.252-9.3.amzn2         amzn2-core  2.4 M
#4 20.32  kmod                         x86_64  25-3.amzn2.0.2          amzn2-core  111 k
#4 20.32  kmod-libs                    x86_64  25-3.amzn2.0.2          amzn2-core   59 k
#4 20.32  libX11                       x86_64  1.6.7-3.amzn2.0.5       amzn2-core  607 k
#4 20.32  libX11-common                noarch  1.6.7-3.amzn2.0.5       amzn2-core  165 k
#4 20.32  libXau                       x86_64  1.0.8-2.1.amzn2.0.2     amzn2-core   29 k
#4 20.32  libXdamage                   x86_64  1.1.4-4.1.amzn2.0.2     amzn2-core   20 k
#4 20.32  libXext                      x86_64  1.3.3-3.amzn2.0.2       amzn2-core   39 k
#4 20.32  libXfixes                    x86_64  5.0.3-1.amzn2.0.2       amzn2-core   18 k
#4 20.32  libXxf86vm                   x86_64  1.1.4-1.amzn2.0.2       amzn2-core   17 k
#4 20.32  libcap-ng                    x86_64  0.7.5-4.amzn2.0.4       amzn2-core   25 k
#4 20.32  libdrm                       x86_64  2.4.97-2.amzn2          amzn2-core  150 k
#4 20.32  libfdisk                     x86_64  2.30.2-2.amzn2.0.11     amzn2-core  238 k
#4 20.32  libglvnd                     x86_64  1:1.0.1-1.amzn2.0.2     amzn2-core   89 k
#4 20.32  libglvnd-glx                 x86_64  1:1.0.1-1.amzn2.0.2     amzn2-core  124 k
#4 20.32  libpciaccess                 x86_64  0.14-1.amzn2            amzn2-core   26 k
#4 20.32  libpwquality                 x86_64  1.2.3-5.amzn2           amzn2-core   84 k
#4 20.32  libsemanage                  x86_64  2.5-11.amzn2            amzn2-core  152 k
#4 20.32  libsmartcols                 x86_64  2.30.2-2.amzn2.0.11     amzn2-core  155 k
#4 20.32  libutempter                  x86_64  1.1.6-4.amzn2.0.2       amzn2-core   25 k
#4 20.32  libxcb                       x86_64  1.12-1.amzn2.0.2        amzn2-core  216 k
#4 20.32  libxshmfence                 x86_64  1.2-1.amzn2.0.2         amzn2-core  7.2 k
#4 20.32  lz4                          x86_64  1.7.5-2.amzn2.0.2       amzn2-core   98 k
#4 20.32  mesa-libglapi                x86_64  18.3.4-5.amzn2.0.1      amzn2-core   45 k
#4 20.32  pam                          x86_64  1.1.8-23.amzn2.0.5      amzn2-core  717 k
#4 20.32  qrencode-libs                x86_64  3.4.1-3.amzn2.0.2       amzn2-core   50 k
#4 20.32  shadow-utils                 x86_64  2:4.1.5.1-24.amzn2.0.3  amzn2-core  1.1 M
#4 20.32  systemd                      x86_64  219-78.amzn2.0.24       amzn2-core  5.0 M
#4 20.32  systemd-libs                 x86_64  219-78.amzn2.0.24       amzn2-core  409 k
#4 20.32  ustr                         x86_64  1.0.4-16.amzn2.0.3      amzn2-core   96 k
#4 20.32  util-linux                   x86_64  2.30.2-2.amzn2.0.11     amzn2-core  2.3 M
#4 20.32 
#4 20.32 Transaction Summary
#4 20.32 ================================================================================
#4 20.32 Install  2 Packages (+43 Dependent packages)
#4 20.32 Upgrade  1 Package
#4 20.32 
#4 20.32 Total download size: 23 M
#4 20.32 Downloading packages:
#4 20.33 Delta RPMs disabled because /usr/bin/applydeltarpm not installed.
#4 25.37 --------------------------------------------------------------------------------
#4 25.37 Total                                              4.5 MB/s |  23 MB  00:05     
#4 25.39 Running transaction check
#4 25.40 Running transaction test
#4 25.44 Transaction test succeeded
#4 25.44 Running transaction
#4 25.47   Installing : libcap-ng-0.7.5-4.amzn2.0.4.x86_64                          1/47 
#4 25.54   Installing : audit-libs-2.8.1-3.amzn2.1.x86_64                           2/47 
#4 25.57   Installing : lz4-1.7.5-2.amzn2.0.2.x86_64                                3/47 
#4 25.60   Installing : mesa-libglapi-18.3.4-5.amzn2.0.1.x86_64                     4/47 
#4 25.62   Installing : kmod-libs-25-3.amzn2.0.2.x86_64                             5/47 
#4 25.65   Installing : acl-2.2.51-14.amzn2.x86_64                                  6/47 
#4 25.69   Installing : kmod-25-3.amzn2.0.2.x86_64                                  7/47 
#4 25.71   Installing : ustr-1.0.4-16.amzn2.0.3.x86_64                              8/47 
#4 25.74   Installing : libsemanage-2.5-11.amzn2.x86_64                             9/47 
#4 25.88   Installing : 2:shadow-utils-4.1.5.1-24.amzn2.0.3.x86_64                 10/47 
#4 25.94   Installing : libutempter-1.1.6-4.amzn2.0.2.x86_64                       11/47 
#4 25.99   Installing : libX11-common-1.6.7-3.amzn2.0.5.noarch                     12/47 
#4 26.01   Installing : libfdisk-2.30.2-2.amzn2.0.11.x86_64                        13/47 
#4 26.03   Installing : libXau-1.0.8-2.1.amzn2.0.2.x86_64                          14/47 
#4 26.07   Installing : libxcb-1.12-1.amzn2.0.2.x86_64                             15/47 
#4 26.13   Installing : libX11-1.6.7-3.amzn2.0.5.x86_64                            16/47 
#4 26.15   Installing : libXext-1.3.3-3.amzn2.0.2.x86_64                           17/47 
#4 26.17   Installing : libXfixes-5.0.3-1.amzn2.0.2.x86_64                         18/47 
#4 26.19   Installing : libXdamage-1.1.4-4.1.amzn2.0.2.x86_64                      19/47 
#4 26.21   Installing : libXxf86vm-1.1.4-1.amzn2.0.2.x86_64                        20/47 
#4 26.24   Installing : qrencode-libs-3.4.1-3.amzn2.0.2.x86_64                     21/47 
#4 26.26   Installing : 1:libglvnd-1.0.1-1.amzn2.0.2.x86_64                        22/47 
#4 26.29   Installing : libsmartcols-2.30.2-2.amzn2.0.11.x86_64                    23/47 
#4 26.31   Installing : libxshmfence-1.2-1.amzn2.0.2.x86_64                        24/47 
#4 26.34   Installing : gzip-1.5-10.amzn2.0.1.x86_64                               25/47 
#4 26.38   Installing : cracklib-2.9.0-11.amzn2.0.2.x86_64                         26/47 
#4 26.58   Installing : cracklib-dicts-2.9.0-11.amzn2.0.2.x86_64                   27/47 
#4 26.67   Installing : pam-1.1.8-23.amzn2.0.5.x86_64                              28/47 
#4 26.71   Installing : libpwquality-1.2.3-5.amzn2.x86_64                          29/47 
#4 26.91   Installing : util-linux-2.30.2-2.amzn2.0.11.x86_64                      30/47 
#4 26.96   Installing : 7:device-mapper-1.02.170-6.amzn2.5.x86_64                  31/47 
#4 26.99   Installing : 7:device-mapper-libs-1.02.170-6.amzn2.5.x86_64             32/47 
#4 27.02   Installing : cryptsetup-libs-1.7.4-4.amzn2.x86_64                       33/47 
#4 27.06   Installing : elfutils-libs-0.176-2.amzn2.0.2.x86_64                     34/47 
#4 27.11   Installing : systemd-libs-219-78.amzn2.0.24.x86_64                      35/47 
#4 27.14   Installing : 1:dbus-libs-1.10.24-7.amzn2.0.4.x86_64                     36/47 
#4 27.60   Installing : systemd-219-78.amzn2.0.24.x86_64                           37/47 
#4 27.78 Failed to get D-Bus connection: Operation not permitted
#4 27.80   Installing : elfutils-default-yama-scope-0.176-2.amzn2.0.2.noarch       38/47 
#4 27.86   Installing : 1:dbus-1.10.24-7.amzn2.0.4.x86_64                          39/47 
#4 28.03   Installing : hwdata-0.252-9.3.amzn2.x86_64                              40/47 
#4 28.23   Installing : libpciaccess-0.14-1.amzn2.x86_64                           41/47 
#4 28.26   Installing : libdrm-2.4.97-2.amzn2.x86_64                               42/47 
#4 28.29   Installing : 1:libglvnd-glx-1.0.1-1.amzn2.0.2.x86_64                    43/47 
#4 28.32   Installing : mesa-libGL-18.3.4-5.amzn2.0.1.x86_64                       44/47 
#4 28.53   Updating   : glib2-2.56.1-9.amzn2.0.12.x86_64                           45/47 
#4 28.57   Installing : libgomp-7.3.1-17.amzn2.x86_64                              46/47 
#4 28.59   Cleanup    : glib2-2.56.1-9.amzn2.0.11.x86_64                           47/47 
#4 28.63   Verifying  : 1:dbus-libs-1.10.24-7.amzn2.0.4.x86_64                      1/47 
#4 28.64   Verifying  : lz4-1.7.5-2.amzn2.0.2.x86_64                                2/47 
#4 28.65   Verifying  : gzip-1.5-10.amzn2.0.1.x86_64                                3/47 
#4 28.66   Verifying  : libxshmfence-1.2-1.amzn2.0.2.x86_64                         4/47 
#4 28.66   Verifying  : libsmartcols-2.30.2-2.amzn2.0.11.x86_64                     5/47 
#4 28.67   Verifying  : libXxf86vm-1.1.4-1.amzn2.0.2.x86_64                         6/47 
#4 28.68   Verifying  : cracklib-2.9.0-11.amzn2.0.2.x86_64                          7/47 
#4 28.68   Verifying  : libXdamage-1.1.4-4.1.amzn2.0.2.x86_64                       8/47 
#4 28.69   Verifying  : 1:libglvnd-1.0.1-1.amzn2.0.2.x86_64                         9/47 
#4 28.70   Verifying  : 2:shadow-utils-4.1.5.1-24.amzn2.0.3.x86_64                 10/47 
#4 28.70   Verifying  : libxcb-1.12-1.amzn2.0.2.x86_64                             11/47 
#4 28.71   Verifying  : pam-1.1.8-23.amzn2.0.5.x86_64                              12/47 
#4 28.72   Verifying  : cryptsetup-libs-1.7.4-4.amzn2.x86_64                       13/47 
#4 28.73   Verifying  : mesa-libGL-18.3.4-5.amzn2.0.1.x86_64                       14/47 
#4 28.73   Verifying  : libXext-1.3.3-3.amzn2.0.2.x86_64                           15/47 
#4 28.74   Verifying  : libX11-1.6.7-3.amzn2.0.5.x86_64                            16/47 
#4 28.75   Verifying  : libpciaccess-0.14-1.amzn2.x86_64                           17/47 
#4 28.75   Verifying  : systemd-libs-219-78.amzn2.0.24.x86_64                      18/47 
#4 28.76   Verifying  : libutempter-1.1.6-4.amzn2.0.2.x86_64                       19/47 
#4 28.77   Verifying  : elfutils-default-yama-scope-0.176-2.amzn2.0.2.noarch       20/47 
#4 28.77   Verifying  : 1:dbus-1.10.24-7.amzn2.0.4.x86_64                          21/47 
#4 28.78   Verifying  : qrencode-libs-3.4.1-3.amzn2.0.2.x86_64                     22/47 
#4 28.79   Verifying  : systemd-219-78.amzn2.0.24.x86_64                           23/47 
#4 28.79   Verifying  : 1:libglvnd-glx-1.0.1-1.amzn2.0.2.x86_64                    24/47 
#4 28.80   Verifying  : libXau-1.0.8-2.1.amzn2.0.2.x86_64                          25/47 
#4 28.81   Verifying  : libpwquality-1.2.3-5.amzn2.x86_64                          26/47 
#4 28.81   Verifying  : cracklib-dicts-2.9.0-11.amzn2.0.2.x86_64                   27/47 
#4 28.82   Verifying  : util-linux-2.30.2-2.amzn2.0.11.x86_64                      28/47 
#4 28.83   Verifying  : libfdisk-2.30.2-2.amzn2.0.11.x86_64                        29/47 
#4 28.84   Verifying  : libdrm-2.4.97-2.amzn2.x86_64                               30/47 
#4 28.84   Verifying  : libX11-common-1.6.7-3.amzn2.0.5.noarch                     31/47 
#4 28.85   Verifying  : libcap-ng-0.7.5-4.amzn2.0.4.x86_64                         32/47 
#4 28.86   Verifying  : audit-libs-2.8.1-3.amzn2.1.x86_64                          33/47 
#4 28.86   Verifying  : 7:device-mapper-1.02.170-6.amzn2.5.x86_64                  34/47 
#4 28.87   Verifying  : ustr-1.0.4-16.amzn2.0.3.x86_64                             35/47 
#4 28.88   Verifying  : kmod-25-3.amzn2.0.2.x86_64                                 36/47 
#4 28.88   Verifying  : acl-2.2.51-14.amzn2.x86_64                                 37/47 
#4 28.89   Verifying  : libsemanage-2.5-11.amzn2.x86_64                            38/47 
#4 28.90   Verifying  : 7:device-mapper-libs-1.02.170-6.amzn2.5.x86_64             39/47 
#4 28.90   Verifying  : elfutils-libs-0.176-2.amzn2.0.2.x86_64                     40/47 
#4 28.91   Verifying  : kmod-libs-25-3.amzn2.0.2.x86_64                            41/47 
#4 28.92   Verifying  : libgomp-7.3.1-17.amzn2.x86_64                              42/47 
#4 28.92   Verifying  : libXfixes-5.0.3-1.amzn2.0.2.x86_64                         43/47 
#4 28.93   Verifying  : hwdata-0.252-9.3.amzn2.x86_64                              44/47 
#4 28.94   Verifying  : glib2-2.56.1-9.amzn2.0.12.x86_64                           45/47 
#4 28.95   Verifying  : mesa-libglapi-18.3.4-5.amzn2.0.1.x86_64                    46/47 
#4 28.95   Verifying  : glib2-2.56.1-9.amzn2.0.11.x86_64                           47/47 
#4 28.97 
#4 28.97 Installed:
#4 28.97   libgomp.x86_64 0:7.3.1-17.amzn2     mesa-libGL.x86_64 0:18.3.4-5.amzn2.0.1    
#4 28.97 
#4 28.97 Dependency Installed:
#4 28.97   acl.x86_64 0:2.2.51-14.amzn2                                                  
#4 28.97   audit-libs.x86_64 0:2.8.1-3.amzn2.1                                           
#4 28.97   cracklib.x86_64 0:2.9.0-11.amzn2.0.2                                          
#4 28.97   cracklib-dicts.x86_64 0:2.9.0-11.amzn2.0.2                                    
#4 28.97   cryptsetup-libs.x86_64 0:1.7.4-4.amzn2                                        
#4 28.97   dbus.x86_64 1:1.10.24-7.amzn2.0.4                                             
#4 28.97   dbus-libs.x86_64 1:1.10.24-7.amzn2.0.4                                        
#4 28.97   device-mapper.x86_64 7:1.02.170-6.amzn2.5                                     
#4 28.97   device-mapper-libs.x86_64 7:1.02.170-6.amzn2.5                                
#4 28.97   elfutils-default-yama-scope.noarch 0:0.176-2.amzn2.0.2                        
#4 28.97   elfutils-libs.x86_64 0:0.176-2.amzn2.0.2                                      
#4 28.97   gzip.x86_64 0:1.5-10.amzn2.0.1                                                
#4 28.97   hwdata.x86_64 0:0.252-9.3.amzn2                                               
#4 28.97   kmod.x86_64 0:25-3.amzn2.0.2                                                  
#4 28.97   kmod-libs.x86_64 0:25-3.amzn2.0.2                                             
#4 28.97   libX11.x86_64 0:1.6.7-3.amzn2.0.5                                             
#4 28.97   libX11-common.noarch 0:1.6.7-3.amzn2.0.5                                      
#4 28.97   libXau.x86_64 0:1.0.8-2.1.amzn2.0.2                                           
#4 28.97   libXdamage.x86_64 0:1.1.4-4.1.amzn2.0.2                                       
#4 28.97   libXext.x86_64 0:1.3.3-3.amzn2.0.2                                            
#4 28.97   libXfixes.x86_64 0:5.0.3-1.amzn2.0.2                                          
#4 28.97   libXxf86vm.x86_64 0:1.1.4-1.amzn2.0.2                                         
#4 28.97   libcap-ng.x86_64 0:0.7.5-4.amzn2.0.4                                          
#4 28.97   libdrm.x86_64 0:2.4.97-2.amzn2                                                
#4 28.97   libfdisk.x86_64 0:2.30.2-2.amzn2.0.11                                         
#4 28.97   libglvnd.x86_64 1:1.0.1-1.amzn2.0.2                                           
#4 28.97   libglvnd-glx.x86_64 1:1.0.1-1.amzn2.0.2                                       
#4 28.97   libpciaccess.x86_64 0:0.14-1.amzn2                                            
#4 28.97   libpwquality.x86_64 0:1.2.3-5.amzn2                                           
#4 28.97   libsemanage.x86_64 0:2.5-11.amzn2                                             
#4 28.97   libsmartcols.x86_64 0:2.30.2-2.amzn2.0.11                                     
#4 28.97   libutempter.x86_64 0:1.1.6-4.amzn2.0.2                                        
#4 28.97   libxcb.x86_64 0:1.12-1.amzn2.0.2                                              
#4 28.97   libxshmfence.x86_64 0:1.2-1.amzn2.0.2                                         
#4 28.97   lz4.x86_64 0:1.7.5-2.amzn2.0.2                                                
#4 28.97   mesa-libglapi.x86_64 0:18.3.4-5.amzn2.0.1                                     
#4 28.97   pam.x86_64 0:1.1.8-23.amzn2.0.5                                               
#4 28.97   qrencode-libs.x86_64 0:3.4.1-3.amzn2.0.2                                      
#4 28.97   shadow-utils.x86_64 2:4.1.5.1-24.amzn2.0.3                                    
#4 28.97   systemd.x86_64 0:219-78.amzn2.0.24                                            
#4 28.97   systemd-libs.x86_64 0:219-78.amzn2.0.24                                       
#4 28.97   ustr.x86_64 0:1.0.4-16.amzn2.0.3                                              
#4 28.97   util-linux.x86_64 0:2.30.2-2.amzn2.0.11                                       
#4 28.97 
#4 28.97 Updated:
#4 28.97   glib2.x86_64 0:2.56.1-9.amzn2.0.12                                            
#4 28.97 
#4 28.97 Complete!
#4 29.06 Loaded plugins: ovl
#4 29.06 Cleaning repos: amzn2-core
#4 29.06 Cleaning up everything
#4 29.06 Maybe you want: rm -rf /var/cache/yum, to also free up space taken by orphaned data from disabled or removed repos
#4 DONE 29.2s

#5 [internal] load .dockerignore
#5 transferring context: 2B done
#5 DONE 0.0s

#6 [internal] load build context
#6 transferring context: 150B 0.0s done
#6 DONE 0.0s

#7 [3/7] COPY requirements-yolo.txt /var/task/
#7 DONE 0.0s

#8 [4/7] RUN pip install --no-cache-dir -r requirements-yolo.txt &&     python -c "import ultralytics; print('✅ ultralytics installed')" &&     python -c "from PIL import Image; print('✅ PIL installed')" &&     python -c "import torch; print(f'✅ torch installed: {torch.__version__}')" &&     python -c "import numpy; print(f'✅ numpy installed: {numpy.__version__}')"
#8 1.544 Looking in indexes: https://pypi.org/simple, https://download.pytorch.org/whl/cpu
#8 3.479 Collecting boto3
#8 3.662   Downloading boto3-1.42.17-py3-none-any.whl (140 kB)
#8 3.761      ━━━━━━━━━━━━━━━━━━━━━━━━━━━━━━━━━━━━━━━ 140.6/140.6 kB 1.4 MB/s eta 0:00:00
#8 5.445 Collecting botocore
#8 5.494   Downloading botocore-1.42.17-py3-none-any.whl (14.6 MB)
#8 6.970      ━━━━━━━━━━━━━━━━━━━━━━━━━━━━━━━━━━━━━━━━ 14.6/14.6 MB 10.1 MB/s eta 0:00:00
#8 7.855 Collecting opencv-python-headless>=4.5.0
#8 7.907   Downloading opencv_python_headless-4.12.0.88-cp37-abi3-manylinux2014_x86_64.manylinux_2_17_x86_64.whl (54.0 MB)
#8 18.86      ━━━━━━━━━━━━━━━━━━━━━━━━━━━━━━━━━━━━━━━━ 54.0/54.0 MB 5.2 MB/s eta 0:00:00
#8 20.55 Collecting torch==2.2.0+cpu
#8 20.61   Downloading https://download.pytorch.org/whl/cpu/torch-2.2.0%2Bcpu-cp39-cp39-linux_x86_64.whl (186.8 MB)
#8 60.56      ━━━━━━━━━━━━━━━━━━━━━━━━━━━━━━━━━━━━━━━ 186.8/186.8 MB 4.5 MB/s eta 0:00:00
#8 62.52 Collecting torchvision==0.17.0+cpu
#8 62.57   Downloading https://download.pytorch.org/whl/cpu/torchvision-0.17.0%2Bcpu-cp39-cp39-linux_x86_64.whl (1.6 MB)
#8 62.88      ━━━━━━━━━━━━━━━━━━━━━━━━━━━━━━━━━━━━━━━━ 1.6/1.6 MB 5.2 MB/s eta 0:00:00
#8 63.92 Collecting ultralytics>=8.0.0
#8 63.97   Downloading ultralytics-8.3.241-py3-none-any.whl (1.1 MB)
#8 64.23      ━━━━━━━━━━━━━━━━━━━━━━━━━━━━━━━━━━━━━━━━ 1.1/1.1 MB 4.4 MB/s eta 0:00:00
#8 67.21 Collecting Pillow>=9.0.0
#8 67.21   Obtaining dependency information for Pillow>=9.0.0 from https://files.pythonhosted.org/packages/5e/c6/1a230ec0067243cbd60bc2dad5dc3ab46a8a41e21c15f5c9b52b26873069/pillow-11.3.0-cp39-cp39-manylinux2014_x86_64.manylinux_2_17_x86_64.whl.metadata
#8 67.26   Downloading pillow-11.3.0-cp39-cp39-manylinux2014_x86_64.manylinux_2_17_x86_64.whl.metadata (9.0 kB)
#8 67.26 Discarding https://files.pythonhosted.org/packages/5e/c6/1a230ec0067243cbd60bc2dad5dc3ab46a8a41e21c15f5c9b52b26873069/pillow-11.3.0-cp39-cp39-manylinux2014_x86_64.manylinux_2_17_x86_64.whl#sha256=6359a3bc43f57d5b375d1ad54a0074318a0844d11b76abccf478c37c986d3cfc (from https://download.pytorch.org/whl/cpu/pillow/) (requires-python:>=3.9): Requested Pillow>=9.0.0 from https://files.pythonhosted.org/packages/5e/c6/1a230ec0067243cbd60bc2dad5dc3ab46a8a41e21c15f5c9b52b26873069/pillow-11.3.0-cp39-cp39-manylinux2014_x86_64.manylinux_2_17_x86_64.whl#sha256=6359a3bc43f57d5b375d1ad54a0074318a0844d11b76abccf478c37c986d3cfc (from -r requirements-yolo.txt (line 19)) has inconsistent Name: expected 'Pillow', but metadata has 'pillow'
#8 67.32   Downloading pillow-11.3.0-cp39-cp39-manylinux2014_x86_64.manylinux_2_17_x86_64.whl (7.6 MB)
#8 69.02      ━━━━━━━━━━━━━━━━━━━━━━━━━━━━━━━━━━━━━━━━ 7.6/7.6 MB 4.5 MB/s eta 0:00:00
#8 71.98 Collecting numpy>=1.21.0
#8 71.98   Obtaining dependency information for numpy>=1.21.0 from https://files.pythonhosted.org/packages/b9/14/78635daab4b07c0930c919d451b8bf8c164774e6a3413aed04a6d95758ce/numpy-2.0.2-cp39-cp39-manylinux_2_17_x86_64.manylinux2014_x86_64.whl.metadata
#8 72.03   Downloading numpy-2.0.2-cp39-cp39-manylinux_2_17_x86_64.manylinux2014_x86_64.whl.metadata (60 kB)
#8 72.04      ━━━━━━━━━━━━━━━━━━━━━━━━━━━━━━━━━━━━━━━━ 60.9/60.9 kB 14.0 MB/s eta 0:00:00
#8 72.77 Collecting python-jose[cryptography]
#8 72.85   Downloading python_jose-3.5.0-py2.py3-none-any.whl (34 kB)
#8 73.62 Collecting PyJWT
#8 73.67   Downloading PyJWT-2.10.1-py3-none-any.whl (22 kB)
#8 74.31 Collecting filelock
#8 74.31   Obtaining dependency information for filelock from https://files.pythonhosted.org/packages/42/14/42b2651a2f46b022ccd948bca9f2d5af0fd8929c4eec235b8d6d844fbe67/filelock-3.19.1-py3-none-any.whl.metadata
#8 74.36   Downloading filelock-3.19.1-py3-none-any.whl.metadata (2.1 kB)
#8 75.57 Collecting networkx
#8 75.57   Obtaining dependency information for networkx from https://files.pythonhosted.org/packages/d5/f0/8fbc882ca80cf077f1b246c0e3c3465f7f415439bdea6b899f6b19f61f70/networkx-3.2.1-py3-none-any.whl.metadata
#8 75.62   Downloading networkx-3.2.1-py3-none-any.whl.metadata (5.2 kB)
#8 76.39 Collecting typing-extensions>=4.8.0
#8 76.39   Obtaining dependency information for typing-extensions>=4.8.0 from https://download.pytorch.org/whl/typing_extensions-4.15.0-py3-none-any.whl.metadata
#8 76.44   Downloading https://download.pytorch.org/whl/typing_extensions-4.15.0-py3-none-any.whl.metadata (3.3 kB)
#8 76.44 Discarding https://download.pytorch.org/whl/typing_extensions-4.15.0-py3-none-any.whl (from https://download.pytorch.org/whl/cpu/typing-extensions/): Requested typing-extensions>=4.8.0 from https://download.pytorch.org/whl/typing_extensions-4.15.0-py3-none-any.whl (from torch==2.2.0+cpu->-r requirements-yolo.txt (line 14)) has inconsistent Name: expected 'typing-extensions', but metadata has 'typing_extensions'
#8 76.50   Downloading typing_extensions-4.15.0-py3-none-any.whl (44 kB)
#8 76.52      ━━━━━━━━━━━━━━━━━━━━━━━━━━━━━━━━━━━━━━━━ 44.6/44.6 kB 7.7 MB/s eta 0:00:00
#8 77.50 Collecting sympy
#8 77.50   Obtaining dependency information for sympy from https://files.pythonhosted.org/packages/a2/09/77d55d46fd61b4a135c444fc97158ef34a095e5681d0a6c10b75bf356191/sympy-1.14.0-py3-none-any.whl.metadata
#8 77.56   Downloading sympy-1.14.0-py3-none-any.whl.metadata (12 kB)
#8 78.69 Collecting fsspec
#8 78.69   Obtaining dependency information for fsspec from https://files.pythonhosted.org/packages/eb/02/a6b21098b1d5d6249b7c5ab69dde30108a71e4e819d4a9778f1de1d5b70d/fsspec-2025.10.0-py3-none-any.whl.metadata
#8 78.74   Downloading fsspec-2025.10.0-py3-none-any.whl.metadata (10 kB)
#8 79.49 Collecting jinja2
#8 79.49   Obtaining dependency information for jinja2 from https://download.pytorch.org/whl/jinja2-3.1.6-py3-none-any.whl.metadata
#8 79.55   Downloading https://download.pytorch.org/whl/jinja2-3.1.6-py3-none-any.whl.metadata (2.9 kB)
#8 79.55 Discarding https://download.pytorch.org/whl/jinja2-3.1.6-py3-none-any.whl (from https://download.pytorch.org/whl/cpu/jinja2/): Requested jinja2 from https://download.pytorch.org/whl/jinja2-3.1.6-py3-none-any.whl (from torch==2.2.0+cpu->-r requirements-yolo.txt (line 14)) has inconsistent Name: expected 'jinja2', but metadata has 'Jinja2'
#8 79.61   Downloading jinja2-3.1.6-py3-none-any.whl (134 kB)
#8 79.64      ━━━━━━━━━━━━━━━━━━━━━━━━━━━━━━━━━━━━━━━ 134.9/134.9 kB 6.6 MB/s eta 0:00:00
#8 80.44 Collecting requests
#8 80.49   Downloading requests-2.32.5-py3-none-any.whl (64 kB)
#8 80.50      ━━━━━━━━━━━━━━━━━━━━━━━━━━━━━━━━━━━━━━━━ 64.7/64.7 kB 9.2 MB/s eta 0:00:00
#8 81.29 Collecting jmespath<2.0.0,>=0.7.1
#8 81.35   Downloading jmespath-1.0.1-py3-none-any.whl (20 kB)
#8 82.34 Collecting s3transfer<0.17.0,>=0.16.0
#8 82.39   Downloading s3transfer-0.16.0-py3-none-any.whl (86 kB)
#8 82.40      ━━━━━━━━━━━━━━━━━━━━━━━━━━━━━━━━━━━━━━━━ 86.8/86.8 kB 9.2 MB/s eta 0:00:00
#8 83.24 Collecting urllib3<1.27,>=1.25.4
#8 83.29   Downloading urllib3-1.26.20-py2.py3-none-any.whl (144 kB)
#8 83.34      ━━━━━━━━━━━━━━━━━━━━━━━━━━━━━━━━━━━━━━━ 144.2/144.2 kB 2.8 MB/s eta 0:00:00
#8 84.09 Collecting python-dateutil<3.0.0,>=2.1
#8 84.14   Downloading python_dateutil-2.9.0.post0-py2.py3-none-any.whl (229 kB)
#8 84.17      ━━━━━━━━━━━━━━━━━━━━━━━━━━━━━━━━━━━━━━━ 229.9/229.9 kB 6.7 MB/s eta 0:00:00
#8 85.61 Collecting polars>=0.20.0
#8 85.66   Downloading polars-1.36.1-py3-none-any.whl (802 kB)
#8 85.80      ━━━━━━━━━━━━━━━━━━━━━━━━━━━━━━━━━━━━━━━ 802.4/802.4 kB 5.9 MB/s eta 0:00:00
#8 86.75 Collecting psutil>=5.8.0
#8 86.81   Downloading psutil-7.2.0-cp36-abi3-manylinux2010_x86_64.manylinux_2_12_x86_64.manylinux_2_28_x86_64.whl (154 kB)
#8 86.83      ━━━━━━━━━━━━━━━━━━━━━━━━━━━━━━━━━━━━━━━ 154.7/154.7 kB 8.4 MB/s eta 0:00:00
#8 87.68 Collecting pyyaml>=5.3.1
#8 87.73   Downloading pyyaml-6.0.3-cp39-cp39-manylinux2014_x86_64.manylinux_2_17_x86_64.manylinux_2_28_x86_64.whl (750 kB)
#8 87.87      ━━━━━━━━━━━━━━━━━━━━━━━━━━━━━━━━━━━━━━━ 750.8/750.8 kB 5.5 MB/s eta 0:00:00
#8 88.61 Collecting ultralytics-thop>=2.0.18
#8 88.66   Downloading ultralytics_thop-2.0.18-py3-none-any.whl (28 kB)
#8 89.79 Collecting matplotlib>=3.3.0
#8 89.85   Downloading matplotlib-3.9.4-cp39-cp39-manylinux_2_17_x86_64.manylinux2014_x86_64.whl (8.3 MB)
#8 91.45      ━━━━━━━━━━━━━━━━━━━━━━━━━━━━━━━━━━━━━━━━ 8.3/8.3 MB 5.2 MB/s eta 0:00:00
#8 92.38 Collecting opencv-python>=4.6.0
#8 92.43   Downloading opencv_python-4.12.0.88-cp37-abi3-manylinux2014_x86_64.manylinux_2_17_x86_64.whl (67.0 MB)
#8 109.1      ━━━━━━━━━━━━━━━━━━━━━━━━━━━━━━━━━━━━━━━━ 67.0/67.0 MB 4.7 MB/s eta 0:00:00
#8 110.5 Collecting scipy>=1.4.1
#8 110.6   Downloading scipy-1.13.1-cp39-cp39-manylinux_2_17_x86_64.manylinux2014_x86_64.whl (38.6 MB)
#8 117.6      ━━━━━━━━━━━━━━━━━━━━━━━━━━━━━━━━━━━━━━━━ 38.6/38.6 MB 4.9 MB/s eta 0:00:00
#8 118.5 Collecting pyasn1>=0.5.0
#8 118.5   Downloading pyasn1-0.6.1-py3-none-any.whl (83 kB)
#8 118.6      ━━━━━━━━━━━━━━━━━━━━━━━━━━━━━━━━━━━━━━━━ 83.1/83.1 kB 8.1 MB/s eta 0:00:00
#8 119.3 Collecting ecdsa!=0.15
#8 119.3   Downloading ecdsa-0.19.1-py2.py3-none-any.whl (150 kB)
#8 119.4      ━━━━━━━━━━━━━━━━━━━━━━━━━━━━━━━━━━━━━━━ 150.6/150.6 kB 7.7 MB/s eta 0:00:00
#8 120.1 Collecting rsa!=4.1.1,!=4.4,<5.0,>=4.0
#8 120.2   Downloading rsa-4.9.1-py3-none-any.whl (34 kB)
#8 121.4 Collecting cryptography>=3.4.0
#8 121.5   Downloading cryptography-46.0.3-cp38-abi3-manylinux2014_x86_64.manylinux_2_17_x86_64.whl (4.4 MB)
#8 122.3      ━━━━━━━━━━━━━━━━━━━━━━━━━━━━━━━━━━━━━━━━ 4.4/4.4 MB 5.4 MB/s eta 0:00:00
#8 123.4 Collecting cffi>=2.0.0
#8 123.4   Downloading cffi-2.0.0-cp39-cp39-manylinux2014_x86_64.manylinux_2_17_x86_64.whl (216 kB)
#8 123.5      ━━━━━━━━━━━━━━━━━━━━━━━━━━━━━━━━━━━━━━━ 216.5/216.5 kB 4.0 MB/s eta 0:00:00
#8 124.2 Collecting six>=1.9.0
#8 124.2   Downloading six-1.17.0-py2.py3-none-any.whl (11 kB)
#8 125.0 Collecting packaging>=20.0
#8 125.1   Downloading packaging-25.0-py3-none-any.whl (66 kB)
#8 126.6      ━━━━━━━━━━━━━━━━━━━━━━━━━━━━━━━━━━━━━━━━ 66.5/66.5 kB 31.2 MB/s eta 0:00:00
#8 127.3 Collecting cycler>=0.10
#8 127.3   Downloading cycler-0.12.1-py3-none-any.whl (8.3 kB)
#8 128.3 Collecting kiwisolver>=1.3.1
#8 128.3   Downloading kiwisolver-1.4.7-cp39-cp39-manylinux_2_12_x86_64.manylinux2010_x86_64.whl (1.6 MB)
#8 128.7      ━━━━━━━━━━━━━━━━━━━━━━━━━━━━━━━━━━━━━━━━ 1.6/1.6 MB 4.8 MB/s eta 0:00:00
#8 129.5 Collecting pyparsing>=2.3.1
#8 129.5   Downloading pyparsing-3.3.1-py3-none-any.whl (121 kB)
#8 129.5      ━━━━━━━━━━━━━━━━━━━━━━━━━━━━━━━━━━━━━━━ 121.8/121.8 kB 8.2 MB/s eta 0:00:00
#8 130.7 Collecting fonttools>=4.22.0
#8 130.8   Downloading fonttools-4.60.2-cp39-cp39-manylinux2014_x86_64.manylinux_2_17_x86_64.whl (4.8 MB)
#8 131.7      ━━━━━━━━━━━━━━━━━━━━━━━━━━━━━━━━━━━━━━━━ 4.8/4.8 MB 5.0 MB/s eta 0:00:00
#8 133.0 Collecting contourpy>=1.0.1
#8 133.0   Downloading contourpy-1.3.0-cp39-cp39-manylinux_2_17_x86_64.manylinux2014_x86_64.whl (321 kB)
#8 133.1      ━━━━━━━━━━━━━━━━━━━━━━━━━━━━━━━━━━━━━━━ 321.9/321.9 kB 9.7 MB/s eta 0:00:00
#8 133.9 Collecting importlib-resources>=3.2.0
#8 133.9   Downloading importlib_resources-6.5.2-py3-none-any.whl (37 kB)
#8 134.8 Collecting polars-runtime-32==1.36.1
#8 134.8   Downloading polars_runtime_32-1.36.1-cp39-abi3-manylinux_2_17_x86_64.manylinux2014_x86_64.whl (44.5 MB)
#8 142.4      ━━━━━━━━━━━━━━━━━━━━━━━━━━━━━━━━━━━━━━━━ 44.5/44.5 MB 5.0 MB/s eta 0:00:00
#8 143.4 Collecting charset_normalizer<4,>=2
#8 143.5   Downloading charset_normalizer-3.4.4-cp39-cp39-manylinux2014_x86_64.manylinux_2_17_x86_64.manylinux_2_28_x86_64.whl (153 kB)
#8 143.5      ━━━━━━━━━━━━━━━━━━━━━━━━━━━━━━━━━━━━━━━ 154.0/154.0 kB 7.5 MB/s eta 0:00:00
#8 144.3 Collecting certifi>=2017.4.17
#8 144.3   Downloading certifi-2025.11.12-py3-none-any.whl (159 kB)
#8 144.4      ━━━━━━━━━━━━━━━━━━━━━━━━━━━━━━━━━━━━━━━ 159.4/159.4 kB 9.4 MB/s eta 0:00:00
#8 144.7 Collecting idna<4,>=2.5
#8 144.8   Downloading idna-3.11-py3-none-any.whl (71 kB)
#8 144.8      ━━━━━━━━━━━━━━━━━━━━━━━━━━━━━━━━━━━━━━━━ 71.0/71.0 kB 12.8 MB/s eta 0:00:00
#8 146.2 Collecting MarkupSafe>=2.0
#8 146.2   Downloading markupsafe-3.0.3-cp39-cp39-manylinux2014_x86_64.manylinux_2_17_x86_64.manylinux_2_28_x86_64.whl (20 kB)
#8 147.0 Collecting mpmath<1.4,>=1.1.0
#8 147.0   Obtaining dependency information for mpmath<1.4,>=1.1.0 from https://files.pythonhosted.org/packages/43/e3/7d92a15f894aa0c9c4b49b8ee9ac9850d6e63b03c9c32c0367a13ae62209/mpmath-1.3.0-py3-none-any.whl.metadata
#8 147.1   Downloading mpmath-1.3.0-py3-none-any.whl.metadata (8.6 kB)
#8 147.8 Collecting pycparser
#8 147.9   Downloading pycparser-2.23-py3-none-any.whl (118 kB)
#8 147.9      ━━━━━━━━━━━━━━━━━━━━━━━━━━━━━━━━━━━━━━━ 118.1/118.1 kB 7.2 MB/s eta 0:00:00
#8 148.8 Collecting zipp>=3.1.0
#8 148.9   Downloading zipp-3.23.0-py3-none-any.whl (10 kB)
#8 149.1 Downloading numpy-2.0.2-cp39-cp39-manylinux_2_17_x86_64.manylinux2014_x86_64.whl (19.5 MB)
#8 152.7    ━━━━━━━━━━━━━━━━━━━━━━━━━━━━━━━━━━━━━━━━ 19.5/19.5 MB 5.4 MB/s eta 0:00:00
#8 152.8 Downloading filelock-3.19.1-py3-none-any.whl (15 kB)
#8 152.8 Downloading fsspec-2025.10.0-py3-none-any.whl (200 kB)
#8 152.8    ━━━━━━━━━━━━━━━━━━━━━━━━━━━━━━━━━━━━━━━━ 201.0/201.0 kB 8.8 MB/s eta 0:00:00
#8 152.9 Downloading networkx-3.2.1-py3-none-any.whl (1.6 MB)
#8 153.2    ━━━━━━━━━━━━━━━━━━━━━━━━━━━━━━━━━━━━━━━━ 1.6/1.6 MB 5.8 MB/s eta 0:00:00
#8 153.2 Downloading sympy-1.14.0-py3-none-any.whl (6.3 MB)
#8 155.6    ━━━━━━━━━━━━━━━━━━━━━━━━━━━━━━━━━━━━━━━━ 6.3/6.3 MB 2.6 MB/s eta 0:00:00
#8 155.7 Downloading mpmath-1.3.0-py3-none-any.whl (536 kB)
#8 156.9    ━━━━━━━━━━━━━━━━━━━━━━━━━━━━━━━━━━━━━━━━ 536.2/536.2 kB 3.9 MB/s eta 0:00:00
#8 157.0 Downloading numpy-2.0.2-cp39-cp39-manylinux_2_17_x86_64.manylinux2014_x86_64.whl (19.5 MB)
#8 159.9    ━━━━━━━━━━━━━━━━━━━━━━━━━━━━━━━━━━━━━━━━ 19.5/19.5 MB 6.7 MB/s eta 0:00:00
#8 160.0 Downloading filelock-3.19.1-py3-none-any.whl (15 kB)
#8 160.0 Downloading fsspec-2025.10.0-py3-none-any.whl (200 kB)
#8 160.1    ━━━━━━━━━━━━━━━━━━━━━━━━━━━━━━━━━━━━━━━━ 201.0/201.0 kB 7.0 MB/s eta 0:00:00
#8 160.1 Downloading networkx-3.2.1-py3-none-any.whl (1.6 MB)
#8 160.4    ━━━━━━━━━━━━━━━━━━━━━━━━━━━━━━━━━━━━━━━━ 1.6/1.6 MB 7.0 MB/s eta 0:00:00
#8 160.4 Downloading sympy-1.14.0-py3-none-any.whl (6.3 MB)
#8 161.4    ━━━━━━━━━━━━━━━━━━━━━━━━━━━━━━━━━━━━━━━━ 6.3/6.3 MB 6.4 MB/s eta 0:00:00
#8 161.5 Downloading mpmath-1.3.0-py3-none-any.whl (536 kB)
#8 161.6    ━━━━━━━━━━━━━━━━━━━━━━━━━━━━━━━━━━━━━━━━ 536.2/536.2 kB 6.9 MB/s eta 0:00:00
#8 162.3 Installing collected packages: mpmath, zipp, urllib3, typing-extensions, sympy, six, pyyaml, pyparsing, PyJWT, pycparser, pyasn1, psutil, polars-runtime-32, Pillow, packaging, numpy, networkx, MarkupSafe, kiwisolver, jmespath, idna, fsspec, fonttools, filelock, cycler, charset_normalizer, certifi, scipy, rsa, requests, python-dateutil, polars, opencv-python-headless, opencv-python, jinja2, importlib-resources, ecdsa, contourpy, cffi, torch, python-jose, matplotlib, cryptography, botocore, ultralytics-thop, torchvision, s3transfer, ultralytics, boto3
#8 214.5 Successfully installed MarkupSafe-3.0.3 Pillow-11.3.0 PyJWT-2.10.1 boto3-1.42.17 botocore-1.42.17 certifi-2025.11.12 cffi-2.0.0 charset_normalizer-3.4.4 contourpy-1.3.0 cryptography-46.0.3 cycler-0.12.1 ecdsa-0.19.1 filelock-3.19.1 fonttools-4.60.2 fsspec-2025.10.0 idna-3.11 importlib-resources-6.5.2 jinja2-3.1.6 jmespath-1.0.1 kiwisolver-1.4.7 matplotlib-3.9.4 mpmath-1.3.0 networkx-3.2.1 numpy-2.0.2 opencv-python-4.12.0.88 opencv-python-headless-4.12.0.88 packaging-25.0 polars-1.36.1 polars-runtime-32-1.36.1 psutil-7.2.0 pyasn1-0.6.1 pycparser-2.23 pyparsing-3.3.1 python-dateutil-2.9.0.post0 python-jose-3.5.0 pyyaml-6.0.3 requests-2.32.5 rsa-4.9.1 s3transfer-0.16.0 scipy-1.13.1 six-1.17.0 sympy-1.14.0 torch-2.2.0+cpu torchvision-0.17.0+cpu typing-extensions-4.15.0 ultralytics-8.3.241 ultralytics-thop-2.0.18 urllib3-1.26.20 zipp-3.23.0
#8 214.5 WARNING: Running pip as the 'root' user can result in broken permissions and conflicting behaviour with the system package manager. It is recommended to use a virtual environment instead: https://pip.pypa.io/warnings/venv
#8 214.8 
#8 214.8 [notice] A new release of pip is available: 23.0.1 -> 25.3
#8 214.8 [notice] To update, run: pip install --upgrade pip
#8 216.8 
#8 216.8 A module that was compiled using NumPy 1.x cannot be run in
#8 216.8 NumPy 2.0.2 as it may crash. To support both 1.x and 2.x
#8 216.8 versions of NumPy, modules must be compiled with NumPy 2.0.
#8 216.8 Some module may need to rebuild instead e.g. with 'pybind11>=2.12'.
#8 216.8 
#8 216.8 If you are a user of the module, the easiest solution will be to
#8 216.8 downgrade to 'numpy<2' or try to upgrade the affected module.
#8 216.8 We expect that some modules will need time to support NumPy 2.
#8 216.8 
#8 216.8 Traceback (most recent call last):  File "<string>", line 1, in <module>
#8 216.8   File "/var/lang/lib/python3.9/site-packages/ultralytics/__init__.py", line 13, in <module>
#8 216.8     from ultralytics.utils import ASSETS, SETTINGS
#8 216.8   File "/var/lang/lib/python3.9/site-packages/ultralytics/utils/__init__.py", line 26, in <module>
#8 216.8     import torch
#8 216.8   File "/var/lang/lib/python3.9/site-packages/torch/__init__.py", line 1471, in <module>
#8 216.8     from .functional import *  # noqa: F403
#8 216.8   File "/var/lang/lib/python3.9/site-packages/torch/functional.py", line 9, in <module>
#8 216.8     import torch.nn.functional as F
#8 216.8   File "/var/lang/lib/python3.9/site-packages/torch/nn/__init__.py", line 1, in <module>
#8 216.8     from .modules import *  # noqa: F403
#8 216.8   File "/var/lang/lib/python3.9/site-packages/torch/nn/modules/__init__.py", line 35, in <module>
#8 216.8     from .transformer import TransformerEncoder, TransformerDecoder, \
#8 216.8   File "/var/lang/lib/python3.9/site-packages/torch/nn/modules/transformer.py", line 20, in <module>
#8 216.8     device: torch.device = torch.device(torch._C._get_default_device()),  # torch.device('cpu'),
#8 216.8 /var/lang/lib/python3.9/site-packages/torch/nn/modules/transformer.py:20: UserWarning: Failed to initialize NumPy: _ARRAY_API not found (Triggered internally at ../torch/csrc/utils/tensor_numpy.cpp:84.)
#8 216.8   device: torch.device = torch.device(torch._C._get_default_device()),  # torch.device('cpu'),
#8 217.3 WARNING ⚠️ user config directory '/root/.config/Ultralytics' is not writable, using '/tmp/Ultralytics'. Set YOLO_CONFIG_DIR to override.
#8 217.3 Creating new Ultralytics Settings v0.0.6 file ✅ 
#8 217.3 View Ultralytics Settings with 'yolo settings' or at '/tmp/Ultralytics/settings.json'
#8 217.3 Update Settings with 'yolo settings key=value', i.e. 'yolo settings runs_dir=path/to/dir'. For help see https://docs.ultralytics.com/quickstart/#ultralytics-settings.
#8 217.3 ✅ ultralytics installed
#8 217.7 ✅ PIL installed
#8 218.3 
#8 218.3 A module that was compiled using NumPy 1.x cannot be run in
#8 218.3 NumPy 2.0.2 as it may crash. To support both 1.x and 2.x
#8 218.3 versions of NumPy, modules must be compiled with NumPy 2.0.
#8 218.3 Some module may need to rebuild instead e.g. with 'pybind11>=2.12'.
#8 218.3 
#8 218.3 If you are a user of the module, the easiest solution will be to
#8 218.3 downgrade to 'numpy<2' or try to upgrade the affected module.
#8 218.3 We expect that some modules will need time to support NumPy 2.
#8 218.3 
#8 218.3 Traceback (most recent call last):  File "<string>", line 1, in <module>
#8 218.3   File "/var/lang/lib/python3.9/site-packages/torch/__init__.py", line 1471, in <module>
#8 218.3     from .functional import *  # noqa: F403
#8 218.3   File "/var/lang/lib/python3.9/site-packages/torch/functional.py", line 9, in <module>
#8 218.3     import torch.nn.functional as F
#8 218.3   File "/var/lang/lib/python3.9/site-packages/torch/nn/__init__.py", line 1, in <module>
#8 218.3     from .modules import *  # noqa: F403
#8 218.3   File "/var/lang/lib/python3.9/site-packages/torch/nn/modules/__init__.py", line 35, in <module>
#8 218.3     from .transformer import TransformerEncoder, TransformerDecoder, \
#8 218.3   File "/var/lang/lib/python3.9/site-packages/torch/nn/modules/transformer.py", line 20, in <module>
#8 218.3     device: torch.device = torch.device(torch._C._get_default_device()),  # torch.device('cpu'),
#8 218.3 /var/lang/lib/python3.9/site-packages/torch/nn/modules/transformer.py:20: UserWarning: Failed to initialize NumPy: _ARRAY_API not found (Triggered internally at ../torch/csrc/utils/tensor_numpy.cpp:84.)
#8 218.3   device: torch.device = torch.device(torch._C._get_default_device()),  # torch.device('cpu'),
#8 218.8 ✅ torch installed: 2.2.0+cpu
#8 219.3 ✅ numpy installed: 2.0.2
#8 DONE 219.7s

#9 [5/7] COPY detect_plants_handler.py /var/task/
#9 DONE 0.2s

#10 [6/7] COPY simple_auth.py /var/task/
#10 DONE 0.0s

#11 [7/7] COPY best.pt /var/task/
#11 DONE 0.2s

#12 exporting to image
#12 exporting layers
#12 exporting layers 63.7s done
#12 exporting manifest sha256:44a254fca519c9039a0cc8a8f259883a2d68d01c36d64b8f76baf359460ef2c6 0.0s done
#12 exporting config sha256:e926ffface11bb9b4fd7a9c5a96de8e7b12767ebd35f1f038e6bef8dc1561a9d 0.0s done
#12 exporting attestation manifest sha256:4a4eff52376c2f30df4c3ac4d47099e5518bd92ca12427ac9b0125d028716e2e 0.0s done
#12 exporting manifest list sha256:8889108bc62834a8592fb8bfb25e39162b0449c56b3c741310e044c5b497c558
#12 exporting manifest list sha256:8889108bc62834a8592fb8bfb25e39162b0449c56b3c741310e044c5b497c558 0.0s done
#12 naming to docker.io/library/yolo-optimized:latest done
#12 unpacking to docker.io/library/yolo-optimized:latest
#12 unpacking to docker.io/library/yolo-optimized:latest 21.6s done
#12 DONE 85.5s
